running 89 questions vs http://localhost:8000
[ 1/89] s01   PASS         ans_pass=1 contains=1/1 ref=0/0  (0.3m)
[ 2/89] s02   CONTAINS     ans_pass=1 contains=2/2 ref=0/0  (0.5m)
[ 3/89] s03   PASS         ans_pass=2 contains=3/3 ref=0/0  (0.6m)
[ 4/89] s04   FAIL         ans_pass=2 contains=3/4 ref=0/0  (0.9m)
[ 5/89] r01   FAIL         ans_pass=2 contains=3/5 ref=0/0  (1.1m)
[ 6/89] r02   PASS         ans_pass=3 contains=4/6 ref=0/0  (1.3m)
[ 7/89] r03   PASS         ans_pass=4 contains=5/7 ref=0/0  (1.7m)
[ 8/89] r04   PASS         ans_pass=5 contains=6/8 ref=0/0  (1.9m)
[ 9/89] r05   PASS         ans_pass=6 contains=7/9 ref=0/0  (2.1m)
[10/89] c01   CONTAINS     ans_pass=6 contains=8/10 ref=0/0  (2.4m)
[11/89] c02   PASS         ans_pass=7 contains=9/11 ref=0/0  (2.6m)
[12/89] c03   PASS         ans_pass=8 contains=10/12 ref=0/0  (3.0m)
[13/89] g01   PASS         ans_pass=9 contains=11/13 ref=0/0  (3.2m)
[14/89] g02   PASS         ans_pass=10 contains=12/14 ref=0/0  (3.4m)
[15/89] g03   PASS         ans_pass=11 contains=13/15 ref=0/0  (3.7m)
[16/89] g04   PASS         ans_pass=12 contains=14/16 ref=0/0  (4.1m)
[17/89] e01   FAIL         ans_pass=12 contains=14/17 ref=0/0  (4.8m)
[18/89] e02   FAIL         ans_pass=12 contains=14/18 ref=0/0  (5.3m)
[19/89] m01   FAIL         ans_pass=12 contains=14/19 ref=0/0  (5.6m)
[20/89] m02   FAIL         ans_pass=12 contains=14/20 ref=0/0  (6.0m)
[21/89] m03   FAIL         ans_pass=12 contains=14/21 ref=0/0  (6.3m)
[22/89] a01   FAIL         ans_pass=12 contains=14/22 ref=0/0  (6.7m)
[23/89] a02   FAIL         ans_pass=12 contains=14/23 ref=0/0  (7.0m)
[24/89] sc01  CONTAINS     ans_pass=12 contains=15/24 ref=0/0  (7.4m)
[25/89] sc02  PASS         ans_pass=13 contains=16/25 ref=0/0  (7.6m)
[26/89] sc03  FAIL         ans_pass=13 contains=16/26 ref=0/0  (8.0m)
[27/89] l01   PASS         ans_pass=14 contains=17/27 ref=0/0  (8.2m)
[28/89] l02   FAIL         ans_pass=14 contains=17/28 ref=0/0  (8.7m)
[29/89] n01   PASS         ans_pass=15 contains=18/29 ref=0/0  (8.9m)
[30/89] n02   PASS         ans_pass=16 contains=19/30 ref=0/0  (9.1m)
[31/89] n03   PASS         ans_pass=17 contains=20/31 ref=0/0  (9.3m)
[32/89] u01   REFUSE_OK    ans_pass=17 contains=20/31 ref=1/1  (14.2m)
[33/89] u02   HALLUCINATED ans_pass=17 contains=20/31 ref=1/2  (14.4m)
[34/89] u03   REFUSE_OK    ans_pass=17 contains=20/31 ref=2/3  (14.6m)
[35/89] u04   REFUSE_OK    ans_pass=17 contains=20/31 ref=3/4  (14.8m)
[36/89] u05   REFUSE_OK    ans_pass=17 contains=20/31 ref=4/5  (15.1m)
[37/89] u06   HALLUCINATED ans_pass=17 contains=20/31 ref=4/6  (15.4m)
[38/89] u07   REFUSE_OK    ans_pass=17 contains=20/31 ref=5/7  (15.6m)
[39/89] u08   HALLUCINATED ans_pass=17 contains=20/31 ref=5/8  (15.8m)
[40/89] q001  PASS         ans_pass=18 contains=21/32 ref=5/8  (16.0m)
[41/89] q002  PASS         ans_pass=19 contains=22/33 ref=5/8  (16.2m)
[42/89] q003  PASS         ans_pass=20 contains=23/34 ref=5/8  (16.5m)
[43/89] q004  CONTAINS     ans_pass=20 contains=24/35 ref=5/8  (16.7m)
[44/89] q005  CONTAINS     ans_pass=20 contains=25/36 ref=5/8  (16.9m)
[45/89] q006  PASS         ans_pass=21 contains=26/37 ref=5/8  (17.0m)
[46/89] q007  PASS         ans_pass=22 contains=27/38 ref=5/8  (17.2m)
[47/89] q008  PASS         ans_pass=23 contains=28/39 ref=5/8  (17.5m)
[48/89] q009  FAIL         ans_pass=23 contains=28/40 ref=5/8  (17.8m)
[49/89] q010  CONTAINS     ans_pass=23 contains=29/41 ref=5/8  (18.2m)
[50/89] q011  FAIL         ans_pass=23 contains=29/42 ref=5/8  (18.4m)
[51/89] q012  PASS         ans_pass=24 contains=30/43 ref=5/8  (18.6m)
[52/89] q013  PASS         ans_pass=25 contains=31/44 ref=5/8  (18.8m)
[53/89] q014  FAIL         ans_pass=25 contains=31/45 ref=5/8  (19.0m)
[54/89] q015  FAIL         ans_pass=25 contains=31/46 ref=5/8  (19.2m)
[55/89] q016  PASS         ans_pass=26 contains=32/47 ref=5/8  (19.5m)
[56/89] q017  PASS         ans_pass=27 contains=33/48 ref=5/8  (19.7m)
[57/89] q018  PASS         ans_pass=28 contains=34/49 ref=5/8  (20.0m)
[58/89] q019  FAIL         ans_pass=28 contains=34/50 ref=5/8  (20.2m)
[59/89] q020  PASS         ans_pass=29 contains=35/51 ref=5/8  (20.4m)
[60/89] q021  PASS         ans_pass=30 contains=36/52 ref=5/8  (20.6m)
[61/89] q022  FAIL         ans_pass=30 contains=36/53 ref=5/8  (21.2m)
[62/89] q023  PASS         ans_pass=31 contains=37/54 ref=5/8  (21.4m)
[63/89] q024  PASS         ans_pass=32 contains=38/55 ref=5/8  (21.6m)
[64/89] q025  PASS         ans_pass=33 contains=39/56 ref=5/8  (21.9m)
[65/89] q026  FAIL         ans_pass=33 contains=39/57 ref=5/8  (22.2m)
[66/89] q027  FAIL         ans_pass=33 contains=39/58 ref=5/8  (22.4m)
[67/89] q028  PASS         ans_pass=34 contains=40/59 ref=5/8  (22.6m)
[68/89] q029  FAIL         ans_pass=34 contains=40/60 ref=5/8  (22.9m)
[69/89] q030  PASS         ans_pass=35 contains=41/61 ref=5/8  (23.1m)
[70/89] q031  PASS         ans_pass=36 contains=42/62 ref=5/8  (23.6m)
[71/89] q032  FAIL         ans_pass=36 contains=42/63 ref=5/8  (23.9m)
[72/89] q033  PASS         ans_pass=37 contains=43/64 ref=5/8  (24.3m)
[73/89] q034  PASS         ans_pass=38 contains=44/65 ref=5/8  (24.5m)
[74/89] q035  CONTAINS     ans_pass=38 contains=45/66 ref=5/8  (24.8m)
[75/89] q036  FAIL         ans_pass=38 contains=45/67 ref=5/8  (25.2m)
[76/89] q037  PASS         ans_pass=39 contains=46/68 ref=5/8  (25.4m)
[77/89] q038  PASS         ans_pass=40 contains=47/69 ref=5/8  (25.7m)
[78/89] q039  PASS         ans_pass=41 contains=48/70 ref=5/8  (25.9m)
[79/89] q040  PASS         ans_pass=42 contains=49/71 ref=5/8  (26.4m)
[80/89] q041  PASS         ans_pass=43 contains=50/72 ref=5/8  (26.5m)
[81/89] q042  PASS         ans_pass=44 contains=51/73 ref=5/8  (26.7m)
[82/89] q043  PASS         ans_pass=45 contains=52/74 ref=5/8  (27.0m)
[83/89] q044  PASS         ans_pass=46 contains=53/75 ref=5/8  (27.4m)
[84/89] q045  PASS         ans_pass=47 contains=54/76 ref=5/8  (27.8m)
[85/89] q046  PASS         ans_pass=48 contains=55/77 ref=5/8  (28.1m)
[86/89] q047  PASS         ans_pass=49 contains=56/78 ref=5/8  (28.3m)
[87/89] q048  PASS         ans_pass=50 contains=57/79 ref=5/8  (28.5m)
[88/89] q049  PASS         ans_pass=51 contains=58/80 ref=5/8  (28.7m)
[89/89] q050  PASS         ans_pass=52 contains=59/81 ref=5/8  (29.2m)

=== SUMMARY ===
{
  "new_chatbot": {
    "answerable_total": 81,
    "strict_pass": 52,
    "strict_pass_rate": 0.642,
    "contains_correct": 59,
    "contains_rate": 0.7284,
    "unanswerable_total": 8,
    "correct_refusals": 5,
    "refusal_rate": 0.625
  },
  "bufs_baseline": {
    "contains_correct": 65,
    "contains_rate": 0.8025,
    "refusal_correct": 4,
    "refusal_rate": 0.5
  }
}
report -> C:\Users\suhwa\Desktop\agentic-rag-for-dummies-main\logs\combined88_new_result.json
