running 89 questions vs http://localhost:8000
[ 1/89] s01   PASS         ans_pass=1 contains=1/1 ref=0/0  (0.2m)
[ 2/89] s02   CONTAINS     ans_pass=1 contains=2/2 ref=0/0  (0.4m)
[ 3/89] s03   PASS         ans_pass=2 contains=3/3 ref=0/0  (0.6m)
[ 4/89] s04   FAIL         ans_pass=2 contains=3/4 ref=0/0  (0.8m)
[ 5/89] r01   FAIL         ans_pass=2 contains=3/5 ref=0/0  (1.1m)
[ 6/89] r02   PASS         ans_pass=3 contains=4/6 ref=0/0  (1.3m)
[ 7/89] r03   PASS         ans_pass=4 contains=5/7 ref=0/0  (1.7m)
[ 8/89] r04   PASS         ans_pass=5 contains=6/8 ref=0/0  (1.9m)
[ 9/89] r05   PASS         ans_pass=6 contains=7/9 ref=0/0  (2.1m)
[10/89] c01   CONTAINS     ans_pass=6 contains=8/10 ref=0/0  (2.4m)
[11/89] c02   PASS         ans_pass=7 contains=9/11 ref=0/0  (2.6m)
[12/89] c03   PASS         ans_pass=8 contains=10/12 ref=0/0  (2.9m)
[13/89] g01   PASS         ans_pass=9 contains=11/13 ref=0/0  (3.1m)
[14/89] g02   FAIL         ans_pass=9 contains=11/14 ref=0/0  (3.4m)
[15/89] g03   PASS         ans_pass=10 contains=12/15 ref=0/0  (3.6m)
[16/89] g04   PASS         ans_pass=11 contains=13/16 ref=0/0  (3.9m)
[17/89] e01   FAIL         ans_pass=11 contains=13/17 ref=0/0  (4.1m)
[18/89] e02   FAIL         ans_pass=11 contains=13/18 ref=0/0  (4.3m)
[19/89] m01   FAIL         ans_pass=11 contains=13/19 ref=0/0  (4.5m)
[20/89] m02   FAIL         ans_pass=11 contains=13/20 ref=0/0  (4.8m)
[21/89] m03   PASS         ans_pass=12 contains=14/21 ref=0/0  (5.2m)
[22/89] a01   FAIL         ans_pass=12 contains=14/22 ref=0/0  (5.6m)
[23/89] a02   FAIL         ans_pass=12 contains=14/23 ref=0/0  (5.8m)
[24/89] sc01  FAIL         ans_pass=12 contains=14/24 ref=0/0  (6.2m)
[25/89] sc02  PASS         ans_pass=13 contains=15/25 ref=0/0  (6.4m)
[26/89] sc03  FAIL         ans_pass=13 contains=15/26 ref=0/0  (6.8m)
[27/89] l01   PASS         ans_pass=14 contains=16/27 ref=0/0  (7.0m)
[28/89] l02   FAIL         ans_pass=14 contains=16/28 ref=0/0  (7.2m)
[29/89] n01   PASS         ans_pass=15 contains=17/29 ref=0/0  (7.5m)
[30/89] n02   PASS         ans_pass=16 contains=18/30 ref=0/0  (7.7m)
[31/89] n03   PASS         ans_pass=17 contains=19/31 ref=0/0  (7.9m)
[32/89] u01   REFUSE_OK    ans_pass=17 contains=19/31 ref=1/1  (8.0m)
[33/89] u02   REFUSE_OK    ans_pass=17 contains=19/31 ref=2/2  (8.2m)
[34/89] u03   REFUSE_OK    ans_pass=17 contains=19/31 ref=3/3  (8.4m)
[35/89] u04   REFUSE_OK    ans_pass=17 contains=19/31 ref=4/4  (8.6m)
[36/89] u05   REFUSE_OK    ans_pass=17 contains=19/31 ref=5/5  (8.9m)
[37/89] u06   REFUSE_OK    ans_pass=17 contains=19/31 ref=6/6  (9.2m)
[38/89] u07   REFUSE_OK    ans_pass=17 contains=19/31 ref=7/7  (9.4m)
[39/89] u08   REFUSE_OK    ans_pass=17 contains=19/31 ref=8/8  (9.7m)
[40/89] q001  PASS         ans_pass=18 contains=20/32 ref=8/8  (9.9m)
[41/89] q002  PASS         ans_pass=19 contains=21/33 ref=8/8  (10.1m)
[42/89] q003  PASS         ans_pass=20 contains=22/34 ref=8/8  (10.3m)
[43/89] q004  CONTAINS     ans_pass=20 contains=23/35 ref=8/8  (10.5m)
[44/89] q005  CONTAINS     ans_pass=20 contains=24/36 ref=8/8  (10.7m)
[45/89] q006  PASS         ans_pass=21 contains=25/37 ref=8/8  (10.8m)
[46/89] q007  PASS         ans_pass=22 contains=26/38 ref=8/8  (11.1m)
[47/89] q008  CONTAINS     ans_pass=22 contains=27/39 ref=8/8  (11.3m)
[48/89] q009  PASS         ans_pass=23 contains=28/40 ref=8/8  (11.5m)
[49/89] q010  FAIL         ans_pass=23 contains=28/41 ref=8/8  (11.7m)
[50/89] q011  FAIL         ans_pass=23 contains=28/42 ref=8/8  (12.0m)
[51/89] q012  PASS         ans_pass=24 contains=29/43 ref=8/8  (12.1m)
[52/89] q013  PASS         ans_pass=25 contains=30/44 ref=8/8  (12.3m)
[53/89] q014  FAIL         ans_pass=25 contains=30/45 ref=8/8  (12.5m)
[54/89] q015  PASS         ans_pass=26 contains=31/46 ref=8/8  (12.7m)
[55/89] q016  PASS         ans_pass=27 contains=32/47 ref=8/8  (13.0m)
[56/89] q017  PASS         ans_pass=28 contains=33/48 ref=8/8  (13.2m)
[57/89] q018  PASS         ans_pass=29 contains=34/49 ref=8/8  (13.4m)
[58/89] q019  FAIL         ans_pass=29 contains=34/50 ref=8/8  (13.7m)
[59/89] q020  PASS         ans_pass=30 contains=35/51 ref=8/8  (13.9m)
[60/89] q021  PASS         ans_pass=31 contains=36/52 ref=8/8  (14.1m)
[61/89] q022  FAIL         ans_pass=31 contains=36/53 ref=8/8  (14.7m)
[62/89] q023  PASS         ans_pass=32 contains=37/54 ref=8/8  (14.9m)
[63/89] q024  PASS         ans_pass=33 contains=38/55 ref=8/8  (15.1m)
[64/89] q025  PASS         ans_pass=34 contains=39/56 ref=8/8  (15.3m)
[65/89] q026  FAIL         ans_pass=34 contains=39/57 ref=8/8  (15.6m)
[66/89] q027  FAIL         ans_pass=34 contains=39/58 ref=8/8  (15.7m)
[67/89] q028  PASS         ans_pass=35 contains=40/59 ref=8/8  (16.0m)
[68/89] q029  FAIL         ans_pass=35 contains=40/60 ref=8/8  (16.3m)
[69/89] q030  PASS         ans_pass=36 contains=41/61 ref=8/8  (16.5m)
[70/89] q031  PASS         ans_pass=37 contains=42/62 ref=8/8  (16.9m)
[71/89] q032  FAIL         ans_pass=37 contains=42/63 ref=8/8  (17.1m)
[72/89] q033  PASS         ans_pass=38 contains=43/64 ref=8/8  (17.5m)
[73/89] q034  PASS         ans_pass=39 contains=44/65 ref=8/8  (17.7m)
[74/89] q035  CONTAINS     ans_pass=39 contains=45/66 ref=8/8  (18.0m)
[75/89] q036  CONTAINS     ans_pass=39 contains=46/67 ref=8/8  (18.3m)
[76/89] q037  PASS         ans_pass=40 contains=47/68 ref=8/8  (18.6m)
[77/89] q038  PASS         ans_pass=41 contains=48/69 ref=8/8  (18.8m)
[78/89] q039  CONTAINS     ans_pass=41 contains=49/70 ref=8/8  (19.0m)
[79/89] q040  PASS         ans_pass=42 contains=50/71 ref=8/8  (19.4m)
[80/89] q041  PASS         ans_pass=43 contains=51/72 ref=8/8  (19.6m)
[81/89] q042  FAIL         ans_pass=43 contains=51/73 ref=8/8  (19.8m)
[82/89] q043  PASS         ans_pass=44 contains=52/74 ref=8/8  (20.1m)
[83/89] q044  CONTAINS     ans_pass=44 contains=53/75 ref=8/8  (20.4m)
[84/89] q045  CONTAINS     ans_pass=44 contains=54/76 ref=8/8  (20.8m)
[85/89] q046  PASS         ans_pass=45 contains=55/77 ref=8/8  (21.0m)
[86/89] q047  PASS         ans_pass=46 contains=56/78 ref=8/8  (21.2m)
[87/89] q048  PASS         ans_pass=47 contains=57/79 ref=8/8  (21.4m)
[88/89] q049  PASS         ans_pass=48 contains=58/80 ref=8/8  (21.6m)
[89/89] q050  PASS         ans_pass=49 contains=59/81 ref=8/8  (22.1m)

=== SUMMARY ===
{
  "new_chatbot": {
    "answerable_total": 81,
    "strict_pass": 49,
    "strict_pass_rate": 0.6049,
    "contains_correct": 59,
    "contains_rate": 0.7284,
    "unanswerable_total": 8,
    "correct_refusals": 8,
    "refusal_rate": 1.0
  },
  "bufs_baseline": {
    "contains_correct": 65,
    "contains_rate": 0.8025,
    "refusal_correct": 4,
    "refusal_rate": 0.5
  }
}
report -> C:\Users\suhwa\Desktop\agentic-rag-for-dummies-main\logs\combined88_new_result.json
